// Jest Snapshot v1, https://goo.gl/fbAQLP

exports[`App Stack create the app stack 1`] = `
Object {
  "Mappings": Object {
    "ServiceprincipalMap": Object {
      "af-south-1": Object {
        "states": "states.af-south-1.amazonaws.com",
      },
      "ap-east-1": Object {
        "states": "states.ap-east-1.amazonaws.com",
      },
      "ap-northeast-1": Object {
        "states": "states.ap-northeast-1.amazonaws.com",
      },
      "ap-northeast-2": Object {
        "states": "states.ap-northeast-2.amazonaws.com",
      },
      "ap-northeast-3": Object {
        "states": "states.ap-northeast-3.amazonaws.com",
      },
      "ap-south-1": Object {
        "states": "states.ap-south-1.amazonaws.com",
      },
      "ap-southeast-1": Object {
        "states": "states.ap-southeast-1.amazonaws.com",
      },
      "ap-southeast-2": Object {
        "states": "states.ap-southeast-2.amazonaws.com",
      },
      "ap-southeast-3": Object {
        "states": "states.ap-southeast-3.amazonaws.com",
      },
      "ca-central-1": Object {
        "states": "states.ca-central-1.amazonaws.com",
      },
      "cn-north-1": Object {
        "states": "states.cn-north-1.amazonaws.com",
      },
      "cn-northwest-1": Object {
        "states": "states.cn-northwest-1.amazonaws.com",
      },
      "eu-central-1": Object {
        "states": "states.eu-central-1.amazonaws.com",
      },
      "eu-north-1": Object {
        "states": "states.eu-north-1.amazonaws.com",
      },
      "eu-south-1": Object {
        "states": "states.eu-south-1.amazonaws.com",
      },
      "eu-south-2": Object {
        "states": "states.eu-south-2.amazonaws.com",
      },
      "eu-west-1": Object {
        "states": "states.eu-west-1.amazonaws.com",
      },
      "eu-west-2": Object {
        "states": "states.eu-west-2.amazonaws.com",
      },
      "eu-west-3": Object {
        "states": "states.eu-west-3.amazonaws.com",
      },
      "me-south-1": Object {
        "states": "states.me-south-1.amazonaws.com",
      },
      "sa-east-1": Object {
        "states": "states.sa-east-1.amazonaws.com",
      },
      "us-east-1": Object {
        "states": "states.us-east-1.amazonaws.com",
      },
      "us-east-2": Object {
        "states": "states.us-east-2.amazonaws.com",
      },
      "us-gov-east-1": Object {
        "states": "states.us-gov-east-1.amazonaws.com",
      },
      "us-gov-west-1": Object {
        "states": "states.us-gov-west-1.amazonaws.com",
      },
      "us-iso-east-1": Object {
        "states": "states.amazonaws.com",
      },
      "us-iso-west-1": Object {
        "states": "states.amazonaws.com",
      },
      "us-isob-east-1": Object {
        "states": "states.amazonaws.com",
      },
      "us-west-1": Object {
        "states": "states.us-west-1.amazonaws.com",
      },
      "us-west-2": Object {
        "states": "states.us-west-2.amazonaws.com",
      },
    },
  },
  "Parameters": Any<Object>,
  "Resources": Object {
    "CollectionsRule86D4223F": Object {
      "Properties": Object {
        "Description": "Need to call in Knuckles",
        "EventBusName": Object {
          "Ref": "PaymentBus7030EAFE",
        },
        "EventPattern": Object {
          "detail-type": Array [
            "collections",
          ],
          "source": Array [
            "payments",
          ],
        },
        "State": "ENABLED",
        "Targets": Array [
          Object {
            "Arn": Object {
              "Ref": "StateMachine2E01A3A5",
            },
            "Id": "Target0",
            "RoleArn": Object {
              "Fn::GetAtt": Array [
                "StateMachineEventsRoleDBCDECD1",
                "Arn",
              ],
            },
          },
        ],
      },
      "Type": "AWS::Events::Rule",
    },
    "PaymentBus7030EAFE": Object {
      "Properties": Object {
        "Name": "PaymentBus",
      },
      "Type": "AWS::Events::EventBus",
    },
    "PaymentFailureRule210588D7": Object {
      "Properties": Object {
        "Description": "We did not get paid",
        "EventBusName": Object {
          "Ref": "PaymentBus7030EAFE",
        },
        "EventPattern": Object {
          "detail-type": Array [
            "failure",
          ],
          "source": Array [
            "payments",
          ],
        },
        "State": "ENABLED",
        "Targets": Array [
          Object {
            "Arn": Object {
              "Fn::GetAtt": Array [
                "paymentFailureFunction2E4A54C2",
                "Arn",
              ],
            },
            "Id": "Target0",
          },
        ],
      },
      "Type": "AWS::Events::Rule",
    },
    "PaymentFailureRuleAllowEventRulepaymentFailureFunction1432BA5D": Object {
      "Properties": Object {
        "Action": "lambda:InvokeFunction",
        "FunctionName": Object {
          "Fn::GetAtt": Array [
            "paymentFailureFunction2E4A54C2",
            "Arn",
          ],
        },
        "Principal": "events.amazonaws.com",
        "SourceArn": Object {
          "Fn::GetAtt": Array [
            "PaymentFailureRule210588D7",
            "Arn",
          ],
        },
      },
      "Type": "AWS::Lambda::Permission",
    },
    "PaymentSuccessRule6A2E1881": Object {
      "Properties": Object {
        "Description": "We got paid",
        "EventBusName": Object {
          "Ref": "PaymentBus7030EAFE",
        },
        "EventPattern": Object {
          "detail-type": Array [
            "success",
          ],
          "source": Array [
            "payments",
          ],
        },
        "State": "ENABLED",
        "Targets": Array [
          Object {
            "Arn": Object {
              "Fn::GetAtt": Array [
                "paymentSuccessFunction82B44889",
                "Arn",
              ],
            },
            "Id": "Target0",
          },
        ],
      },
      "Type": "AWS::Events::Rule",
    },
    "PaymentSuccessRuleAllowEventRulepaymentSuccessFunction175253DF": Object {
      "Properties": Object {
        "Action": "lambda:InvokeFunction",
        "FunctionName": Object {
          "Fn::GetAtt": Array [
            "paymentSuccessFunction82B44889",
            "Arn",
          ],
        },
        "Principal": "events.amazonaws.com",
        "SourceArn": Object {
          "Fn::GetAtt": Array [
            "PaymentSuccessRule6A2E1881",
            "Arn",
          ],
        },
      },
      "Type": "AWS::Lambda::Permission",
    },
    "PaymentsTable48A42630": Object {
      "DeletionPolicy": "Delete",
      "Properties": Object {
        "AttributeDefinitions": Array [
          Object {
            "AttributeName": "pk",
            "AttributeType": "S",
          },
        ],
        "KeySchema": Array [
          Object {
            "AttributeName": "pk",
            "KeyType": "HASH",
          },
        ],
        "ProvisionedThroughput": Object {
          "ReadCapacityUnits": 5,
          "WriteCapacityUnits": 5,
        },
        "TableName": "payments",
      },
      "Type": "AWS::DynamoDB::Table",
      "UpdateReplacePolicy": "Delete",
    },
    "StateMachine2E01A3A5": Object {
      "DependsOn": Array [
        "StateMachineRoleDefaultPolicyDF1E6607",
        "StateMachineRoleB840431D",
      ],
      "Properties": Object {
        "DefinitionString": Object {
          "Fn::Join": Array [
            "",
            Array [
              "{\\"StartAt\\":\\"OpenCollection\\",\\"States\\":{\\"OpenCollection\\":{\\"Next\\":\\"Collect\\",\\"Retry\\":[{\\"ErrorEquals\\":[\\"Lambda.ServiceException\\",\\"Lambda.AWSLambdaException\\",\\"Lambda.SdkClientException\\"],\\"IntervalSeconds\\":2,\\"MaxAttempts\\":6,\\"BackoffRate\\":2}],\\"Type\\":\\"Task\\",\\"Resource\\":\\"arn:",
              Object {
                "Ref": "AWS::Partition",
              },
              ":states:::lambda:invoke\\",\\"Parameters\\":{\\"FunctionName\\":\\"",
              Object {
                "Fn::GetAtt": Array [
                  "openCollectionFunctionAD7A9939",
                  "Arn",
                ],
              },
              "\\",\\"Payload.$\\":\\"$\\"}},\\"Collect\\":{\\"Next\\":\\"Is Collection Successful?\\",\\"Retry\\":[{\\"ErrorEquals\\":[\\"Lambda.ServiceException\\",\\"Lambda.AWSLambdaException\\",\\"Lambda.SdkClientException\\"],\\"IntervalSeconds\\":2,\\"MaxAttempts\\":6,\\"BackoffRate\\":2}],\\"Type\\":\\"Task\\",\\"Resource\\":\\"arn:",
              Object {
                "Ref": "AWS::Partition",
              },
              ":states:::lambda:invoke\\",\\"Parameters\\":{\\"FunctionName\\":\\"",
              Object {
                "Fn::GetAtt": Array [
                  "collectFunctionF1DD4A0C",
                  "Arn",
                ],
              },
              "\\",\\"Payload.$\\":\\"$\\"}},\\"Is Collection Successful?\\":{\\"Type\\":\\"Choice\\",\\"Choices\\":[{\\"Variable\\":\\"$.Payload.Status\\",\\"NumericEquals\\":0,\\"Next\\":\\"CollectionSuccess\\"},{\\"Variable\\":\\"$.Payload.Status\\",\\"NumericEquals\\":1,\\"Next\\":\\"CollectionFailure\\"}]},\\"CollectionSuccess\\":{\\"End\\":true,\\"Retry\\":[{\\"ErrorEquals\\":[\\"Lambda.ServiceException\\",\\"Lambda.AWSLambdaException\\",\\"Lambda.SdkClientException\\"],\\"IntervalSeconds\\":2,\\"MaxAttempts\\":6,\\"BackoffRate\\":2}],\\"Type\\":\\"Task\\",\\"Resource\\":\\"arn:",
              Object {
                "Ref": "AWS::Partition",
              },
              ":states:::lambda:invoke\\",\\"Parameters\\":{\\"FunctionName\\":\\"",
              Object {
                "Fn::GetAtt": Array [
                  "collectionSuccessFunction5C4E05C2",
                  "Arn",
                ],
              },
              "\\",\\"Payload.$\\":\\"$\\"}},\\"CollectionFailure\\":{\\"End\\":true,\\"Retry\\":[{\\"ErrorEquals\\":[\\"Lambda.ServiceException\\",\\"Lambda.AWSLambdaException\\",\\"Lambda.SdkClientException\\"],\\"IntervalSeconds\\":2,\\"MaxAttempts\\":6,\\"BackoffRate\\":2}],\\"Type\\":\\"Task\\",\\"Resource\\":\\"arn:",
              Object {
                "Ref": "AWS::Partition",
              },
              ":states:::lambda:invoke\\",\\"Parameters\\":{\\"FunctionName\\":\\"",
              Object {
                "Fn::GetAtt": Array [
                  "collectionFailureFunction682979FB",
                  "Arn",
                ],
              },
              "\\",\\"Payload.$\\":\\"$\\"}}}}",
            ],
          ],
        },
        "RoleArn": Object {
          "Fn::GetAtt": Array [
            "StateMachineRoleB840431D",
            "Arn",
          ],
        },
        "StateMachineName": "CollectionsStateMachine",
      },
      "Type": "AWS::StepFunctions::StateMachine",
    },
    "StateMachineEventsRoleDBCDECD1": Object {
      "Properties": Object {
        "AssumeRolePolicyDocument": Object {
          "Statement": Array [
            Object {
              "Action": "sts:AssumeRole",
              "Effect": "Allow",
              "Principal": Object {
                "Service": "events.amazonaws.com",
              },
            },
          ],
          "Version": "2012-10-17",
        },
      },
      "Type": "AWS::IAM::Role",
    },
    "StateMachineEventsRoleDefaultPolicyFB602CA9": Object {
      "Properties": Object {
        "PolicyDocument": Object {
          "Statement": Array [
            Object {
              "Action": "states:StartExecution",
              "Effect": "Allow",
              "Resource": Object {
                "Ref": "StateMachine2E01A3A5",
              },
            },
          ],
          "Version": "2012-10-17",
        },
        "PolicyName": "StateMachineEventsRoleDefaultPolicyFB602CA9",
        "Roles": Array [
          Object {
            "Ref": "StateMachineEventsRoleDBCDECD1",
          },
        ],
      },
      "Type": "AWS::IAM::Policy",
    },
    "StateMachineRoleB840431D": Object {
      "Properties": Object {
        "AssumeRolePolicyDocument": Object {
          "Statement": Array [
            Object {
              "Action": "sts:AssumeRole",
              "Effect": "Allow",
              "Principal": Object {
                "Service": Object {
                  "Fn::FindInMap": Array [
                    "ServiceprincipalMap",
                    Object {
                      "Ref": "AWS::Region",
                    },
                    "states",
                  ],
                },
              },
            },
          ],
          "Version": "2012-10-17",
        },
      },
      "Type": "AWS::IAM::Role",
    },
    "StateMachineRoleDefaultPolicyDF1E6607": Object {
      "Properties": Object {
        "PolicyDocument": Object {
          "Statement": Array [
            Object {
              "Action": "lambda:InvokeFunction",
              "Effect": "Allow",
              "Resource": Array [
                Object {
                  "Fn::GetAtt": Array [
                    "openCollectionFunctionAD7A9939",
                    "Arn",
                  ],
                },
                Object {
                  "Fn::Join": Array [
                    "",
                    Array [
                      Object {
                        "Fn::GetAtt": Array [
                          "openCollectionFunctionAD7A9939",
                          "Arn",
                        ],
                      },
                      ":*",
                    ],
                  ],
                },
              ],
            },
            Object {
              "Action": "lambda:InvokeFunction",
              "Effect": "Allow",
              "Resource": Array [
                Object {
                  "Fn::GetAtt": Array [
                    "collectFunctionF1DD4A0C",
                    "Arn",
                  ],
                },
                Object {
                  "Fn::Join": Array [
                    "",
                    Array [
                      Object {
                        "Fn::GetAtt": Array [
                          "collectFunctionF1DD4A0C",
                          "Arn",
                        ],
                      },
                      ":*",
                    ],
                  ],
                },
              ],
            },
            Object {
              "Action": "lambda:InvokeFunction",
              "Effect": "Allow",
              "Resource": Array [
                Object {
                  "Fn::GetAtt": Array [
                    "collectionSuccessFunction5C4E05C2",
                    "Arn",
                  ],
                },
                Object {
                  "Fn::Join": Array [
                    "",
                    Array [
                      Object {
                        "Fn::GetAtt": Array [
                          "collectionSuccessFunction5C4E05C2",
                          "Arn",
                        ],
                      },
                      ":*",
                    ],
                  ],
                },
              ],
            },
            Object {
              "Action": "lambda:InvokeFunction",
              "Effect": "Allow",
              "Resource": Array [
                Object {
                  "Fn::GetAtt": Array [
                    "collectionFailureFunction682979FB",
                    "Arn",
                  ],
                },
                Object {
                  "Fn::Join": Array [
                    "",
                    Array [
                      Object {
                        "Fn::GetAtt": Array [
                          "collectionFailureFunction682979FB",
                          "Arn",
                        ],
                      },
                      ":*",
                    ],
                  ],
                },
              ],
            },
          ],
          "Version": "2012-10-17",
        },
        "PolicyName": "StateMachineRoleDefaultPolicyDF1E6607",
        "Roles": Array [
          Object {
            "Ref": "StateMachineRoleB840431D",
          },
        ],
      },
      "Type": "AWS::IAM::Policy",
    },
    "TestStackNestedStackTestStackNestedStackResource17D2BC96": Object {
      "DeletionPolicy": "Delete",
      "Properties": Object {
        "TemplateURL": Object {
          "Fn::Join": Array [
            "",
            Array [
              "https://s3.",
              Object {
                "Ref": "AWS::Region",
              },
              ".",
              Object {
                "Ref": "AWS::URLSuffix",
              },
              "/",
              Object {
                "Fn::Sub": "cdk-hnb659fds-assets-\${AWS::AccountId}-\${AWS::Region}",
              },
              "/44136fa355b3678a1146ad16f7e8649e94fb4fc21fe77e8310c060f61caaff8a.json",
            ],
          ],
        },
      },
      "Type": "AWS::CloudFormation::Stack",
      "UpdateReplacePolicy": "Delete",
    },
    "collectFunctionF1DD4A0C": Object {
      "DependsOn": Array [
        "collectFunctionServiceRoleBD487856",
      ],
      "Properties": Object {
        "Architectures": Array [
          "arm64",
        ],
        "Code": Any<Object>,
        "Environment": Object {
          "Variables": Object {
            "AWS_NODEJS_CONNECTION_REUSE_ENABLED": "1",
          },
        },
        "FunctionName": "collect",
        "Handler": "index.handler",
        "Role": Object {
          "Fn::GetAtt": Array [
            "collectFunctionServiceRoleBD487856",
            "Arn",
          ],
        },
        "Runtime": "nodejs14.x",
        "Timeout": 60,
      },
      "Type": "AWS::Lambda::Function",
    },
    "collectFunctionServiceRoleBD487856": Object {
      "Properties": Object {
        "AssumeRolePolicyDocument": Object {
          "Statement": Array [
            Object {
              "Action": "sts:AssumeRole",
              "Effect": "Allow",
              "Principal": Object {
                "Service": "lambda.amazonaws.com",
              },
            },
          ],
          "Version": "2012-10-17",
        },
        "ManagedPolicyArns": Array [
          Object {
            "Fn::Join": Array [
              "",
              Array [
                "arn:",
                Object {
                  "Ref": "AWS::Partition",
                },
                ":iam::aws:policy/service-role/AWSLambdaBasicExecutionRole",
              ],
            ],
          },
        ],
      },
      "Type": "AWS::IAM::Role",
    },
    "collectionFailureFunction682979FB": Object {
      "DependsOn": Array [
        "collectionFailureFunctionServiceRoleDefaultPolicyB9F37612",
        "collectionFailureFunctionServiceRole662CE2FF",
      ],
      "Properties": Object {
        "Architectures": Array [
          "arm64",
        ],
        "Code": Any<Object>,
        "Environment": Object {
          "Variables": Object {
            "AWS_NODEJS_CONNECTION_REUSE_ENABLED": "1",
          },
        },
        "FunctionName": "collectionFailure",
        "Handler": "index.handler",
        "Role": Object {
          "Fn::GetAtt": Array [
            "collectionFailureFunctionServiceRole662CE2FF",
            "Arn",
          ],
        },
        "Runtime": "nodejs14.x",
        "Timeout": 60,
      },
      "Type": "AWS::Lambda::Function",
    },
    "collectionFailureFunctionServiceRole662CE2FF": Object {
      "Properties": Object {
        "AssumeRolePolicyDocument": Object {
          "Statement": Array [
            Object {
              "Action": "sts:AssumeRole",
              "Effect": "Allow",
              "Principal": Object {
                "Service": "lambda.amazonaws.com",
              },
            },
          ],
          "Version": "2012-10-17",
        },
        "ManagedPolicyArns": Array [
          Object {
            "Fn::Join": Array [
              "",
              Array [
                "arn:",
                Object {
                  "Ref": "AWS::Partition",
                },
                ":iam::aws:policy/service-role/AWSLambdaBasicExecutionRole",
              ],
            ],
          },
        ],
      },
      "Type": "AWS::IAM::Role",
    },
    "collectionFailureFunctionServiceRoleDefaultPolicyB9F37612": Object {
      "Properties": Object {
        "PolicyDocument": Object {
          "Statement": Array [
            Object {
              "Action": Array [
                "dynamodb:BatchWriteItem",
                "dynamodb:PutItem",
                "dynamodb:UpdateItem",
                "dynamodb:DeleteItem",
                "dynamodb:DescribeTable",
              ],
              "Effect": "Allow",
              "Resource": Array [
                Object {
                  "Fn::GetAtt": Array [
                    "PaymentsTable48A42630",
                    "Arn",
                  ],
                },
                Object {
                  "Ref": "AWS::NoValue",
                },
              ],
            },
          ],
          "Version": "2012-10-17",
        },
        "PolicyName": "collectionFailureFunctionServiceRoleDefaultPolicyB9F37612",
        "Roles": Array [
          Object {
            "Ref": "collectionFailureFunctionServiceRole662CE2FF",
          },
        ],
      },
      "Type": "AWS::IAM::Policy",
    },
    "collectionSuccessFunction5C4E05C2": Object {
      "DependsOn": Array [
        "collectionSuccessFunctionServiceRoleDefaultPolicyA0766DBC",
        "collectionSuccessFunctionServiceRole727C0164",
      ],
      "Properties": Object {
        "Architectures": Array [
          "arm64",
        ],
        "Code": Any<Object>,
        "Environment": Object {
          "Variables": Object {
            "AWS_NODEJS_CONNECTION_REUSE_ENABLED": "1",
          },
        },
        "FunctionName": "collectionSuccess",
        "Handler": "index.handler",
        "Role": Object {
          "Fn::GetAtt": Array [
            "collectionSuccessFunctionServiceRole727C0164",
            "Arn",
          ],
        },
        "Runtime": "nodejs14.x",
        "Timeout": 60,
      },
      "Type": "AWS::Lambda::Function",
    },
    "collectionSuccessFunctionServiceRole727C0164": Object {
      "Properties": Object {
        "AssumeRolePolicyDocument": Object {
          "Statement": Array [
            Object {
              "Action": "sts:AssumeRole",
              "Effect": "Allow",
              "Principal": Object {
                "Service": "lambda.amazonaws.com",
              },
            },
          ],
          "Version": "2012-10-17",
        },
        "ManagedPolicyArns": Array [
          Object {
            "Fn::Join": Array [
              "",
              Array [
                "arn:",
                Object {
                  "Ref": "AWS::Partition",
                },
                ":iam::aws:policy/service-role/AWSLambdaBasicExecutionRole",
              ],
            ],
          },
        ],
      },
      "Type": "AWS::IAM::Role",
    },
    "collectionSuccessFunctionServiceRoleDefaultPolicyA0766DBC": Object {
      "Properties": Object {
        "PolicyDocument": Object {
          "Statement": Array [
            Object {
              "Action": Array [
                "dynamodb:BatchWriteItem",
                "dynamodb:PutItem",
                "dynamodb:UpdateItem",
                "dynamodb:DeleteItem",
                "dynamodb:DescribeTable",
              ],
              "Effect": "Allow",
              "Resource": Array [
                Object {
                  "Fn::GetAtt": Array [
                    "PaymentsTable48A42630",
                    "Arn",
                  ],
                },
                Object {
                  "Ref": "AWS::NoValue",
                },
              ],
            },
          ],
          "Version": "2012-10-17",
        },
        "PolicyName": "collectionSuccessFunctionServiceRoleDefaultPolicyA0766DBC",
        "Roles": Array [
          Object {
            "Ref": "collectionSuccessFunctionServiceRole727C0164",
          },
        ],
      },
      "Type": "AWS::IAM::Policy",
    },
    "openCollectionFunctionAD7A9939": Object {
      "DependsOn": Array [
        "openCollectionFunctionServiceRoleDefaultPolicy7EB84761",
        "openCollectionFunctionServiceRole5D634737",
      ],
      "Properties": Object {
        "Architectures": Array [
          "arm64",
        ],
        "Code": Any<Object>,
        "Environment": Object {
          "Variables": Object {
            "AWS_NODEJS_CONNECTION_REUSE_ENABLED": "1",
          },
        },
        "FunctionName": "openCollection",
        "Handler": "index.handler",
        "Role": Object {
          "Fn::GetAtt": Array [
            "openCollectionFunctionServiceRole5D634737",
            "Arn",
          ],
        },
        "Runtime": "nodejs14.x",
        "Timeout": 60,
      },
      "Type": "AWS::Lambda::Function",
    },
    "openCollectionFunctionServiceRole5D634737": Object {
      "Properties": Object {
        "AssumeRolePolicyDocument": Object {
          "Statement": Array [
            Object {
              "Action": "sts:AssumeRole",
              "Effect": "Allow",
              "Principal": Object {
                "Service": "lambda.amazonaws.com",
              },
            },
          ],
          "Version": "2012-10-17",
        },
        "ManagedPolicyArns": Array [
          Object {
            "Fn::Join": Array [
              "",
              Array [
                "arn:",
                Object {
                  "Ref": "AWS::Partition",
                },
                ":iam::aws:policy/service-role/AWSLambdaBasicExecutionRole",
              ],
            ],
          },
        ],
      },
      "Type": "AWS::IAM::Role",
    },
    "openCollectionFunctionServiceRoleDefaultPolicy7EB84761": Object {
      "Properties": Object {
        "PolicyDocument": Object {
          "Statement": Array [
            Object {
              "Action": Array [
                "dynamodb:BatchWriteItem",
                "dynamodb:PutItem",
                "dynamodb:UpdateItem",
                "dynamodb:DeleteItem",
                "dynamodb:DescribeTable",
              ],
              "Effect": "Allow",
              "Resource": Array [
                Object {
                  "Fn::GetAtt": Array [
                    "PaymentsTable48A42630",
                    "Arn",
                  ],
                },
                Object {
                  "Ref": "AWS::NoValue",
                },
              ],
            },
          ],
          "Version": "2012-10-17",
        },
        "PolicyName": "openCollectionFunctionServiceRoleDefaultPolicy7EB84761",
        "Roles": Array [
          Object {
            "Ref": "openCollectionFunctionServiceRole5D634737",
          },
        ],
      },
      "Type": "AWS::IAM::Policy",
    },
    "paymentFailureFunction2E4A54C2": Object {
      "DependsOn": Array [
        "paymentFailureFunctionServiceRoleDefaultPolicy78A9826D",
        "paymentFailureFunctionServiceRole7EB3B3AA",
      ],
      "Properties": Object {
        "Architectures": Array [
          "arm64",
        ],
        "Code": Any<Object>,
        "Environment": Object {
          "Variables": Object {
            "AWS_NODEJS_CONNECTION_REUSE_ENABLED": "1",
          },
        },
        "FunctionName": "paymentFailure",
        "Handler": "index.handler",
        "Role": Object {
          "Fn::GetAtt": Array [
            "paymentFailureFunctionServiceRole7EB3B3AA",
            "Arn",
          ],
        },
        "Runtime": "nodejs14.x",
        "Timeout": 60,
      },
      "Type": "AWS::Lambda::Function",
    },
    "paymentFailureFunctionServiceRole7EB3B3AA": Object {
      "Properties": Object {
        "AssumeRolePolicyDocument": Object {
          "Statement": Array [
            Object {
              "Action": "sts:AssumeRole",
              "Effect": "Allow",
              "Principal": Object {
                "Service": "lambda.amazonaws.com",
              },
            },
          ],
          "Version": "2012-10-17",
        },
        "ManagedPolicyArns": Array [
          Object {
            "Fn::Join": Array [
              "",
              Array [
                "arn:",
                Object {
                  "Ref": "AWS::Partition",
                },
                ":iam::aws:policy/service-role/AWSLambdaBasicExecutionRole",
              ],
            ],
          },
        ],
      },
      "Type": "AWS::IAM::Role",
    },
    "paymentFailureFunctionServiceRoleDefaultPolicy78A9826D": Object {
      "Properties": Object {
        "PolicyDocument": Object {
          "Statement": Array [
            Object {
              "Action": Array [
                "dynamodb:BatchWriteItem",
                "dynamodb:PutItem",
                "dynamodb:UpdateItem",
                "dynamodb:DeleteItem",
                "dynamodb:DescribeTable",
              ],
              "Effect": "Allow",
              "Resource": Array [
                Object {
                  "Fn::GetAtt": Array [
                    "PaymentsTable48A42630",
                    "Arn",
                  ],
                },
                Object {
                  "Ref": "AWS::NoValue",
                },
              ],
            },
            Object {
              "Action": "events:PutEvents",
              "Effect": "Allow",
              "Resource": Object {
                "Fn::GetAtt": Array [
                  "PaymentBus7030EAFE",
                  "Arn",
                ],
              },
            },
          ],
          "Version": "2012-10-17",
        },
        "PolicyName": "paymentFailureFunctionServiceRoleDefaultPolicy78A9826D",
        "Roles": Array [
          Object {
            "Ref": "paymentFailureFunctionServiceRole7EB3B3AA",
          },
        ],
      },
      "Type": "AWS::IAM::Policy",
    },
    "paymentSuccessFunction82B44889": Object {
      "DependsOn": Array [
        "paymentSuccessFunctionServiceRoleDefaultPolicyBD68F7D7",
        "paymentSuccessFunctionServiceRole417E5467",
      ],
      "Properties": Object {
        "Architectures": Array [
          "arm64",
        ],
        "Code": Any<Object>,
        "Environment": Object {
          "Variables": Object {
            "AWS_NODEJS_CONNECTION_REUSE_ENABLED": "1",
          },
        },
        "FunctionName": "paymentSuccess",
        "Handler": "index.handler",
        "Role": Object {
          "Fn::GetAtt": Array [
            "paymentSuccessFunctionServiceRole417E5467",
            "Arn",
          ],
        },
        "Runtime": "nodejs14.x",
        "Timeout": 60,
      },
      "Type": "AWS::Lambda::Function",
    },
    "paymentSuccessFunctionServiceRole417E5467": Object {
      "Properties": Object {
        "AssumeRolePolicyDocument": Object {
          "Statement": Array [
            Object {
              "Action": "sts:AssumeRole",
              "Effect": "Allow",
              "Principal": Object {
                "Service": "lambda.amazonaws.com",
              },
            },
          ],
          "Version": "2012-10-17",
        },
        "ManagedPolicyArns": Array [
          Object {
            "Fn::Join": Array [
              "",
              Array [
                "arn:",
                Object {
                  "Ref": "AWS::Partition",
                },
                ":iam::aws:policy/service-role/AWSLambdaBasicExecutionRole",
              ],
            ],
          },
        ],
      },
      "Type": "AWS::IAM::Role",
    },
    "paymentSuccessFunctionServiceRoleDefaultPolicyBD68F7D7": Object {
      "Properties": Object {
        "PolicyDocument": Object {
          "Statement": Array [
            Object {
              "Action": Array [
                "dynamodb:BatchWriteItem",
                "dynamodb:PutItem",
                "dynamodb:UpdateItem",
                "dynamodb:DeleteItem",
                "dynamodb:DescribeTable",
              ],
              "Effect": "Allow",
              "Resource": Array [
                Object {
                  "Fn::GetAtt": Array [
                    "PaymentsTable48A42630",
                    "Arn",
                  ],
                },
                Object {
                  "Ref": "AWS::NoValue",
                },
              ],
            },
          ],
          "Version": "2012-10-17",
        },
        "PolicyName": "paymentSuccessFunctionServiceRoleDefaultPolicyBD68F7D7",
        "Roles": Array [
          Object {
            "Ref": "paymentSuccessFunctionServiceRole417E5467",
          },
        ],
      },
      "Type": "AWS::IAM::Policy",
    },
  },
  "Rules": Object {
    "CheckBootstrapVersion": Object {
      "Assertions": Array [
        Object {
          "Assert": Object {
            "Fn::Not": Array [
              Object {
                "Fn::Contains": Array [
                  Array [
                    "1",
                    "2",
                    "3",
                    "4",
                    "5",
                  ],
                  Object {
                    "Ref": "BootstrapVersion",
                  },
                ],
              },
            ],
          },
          "AssertDescription": "CDK bootstrap stack version 6 required. Please run 'cdk bootstrap' with a recent version of the CDK CLI.",
        },
      ],
    },
  },
}
`;
